[   0.3s] device mps (bf16 training=False) | train (3359, 3) test (841, 2) | cases 3359/841
[   0.3s] placeholder submission written -> ./working/submission.csv
[   0.5s] usable train pages 3359/3359 {'A': 884, 'C': 835, 'B': 784, 'D': 856}
[   6.0s] using pretrained backbone distilbert-base-multilingual-cased dim 768
[   7.4s] tokenised; longest packed page = 352 tokens
[   7.5s] fit 3023 / holdout 336
[ 402.3s] ep 00 loss 10.044 nl 1.653 skip 0 | holdout 0.2783 exact 0.1637 | 395s
[ 780.5s] ep 01 loss 8.076 nl 1.038 skip 0 | holdout 0.3443 exact 0.2351 | 378s
[1091.3s] ep 02 loss 6.903 nl 0.792 skip 0 | holdout 0.3981 exact 0.2530 | 311s
[1505.8s] ep 03 loss 5.424 nl 0.647 skip 0 | holdout 0.3963 exact 0.2738 | 414s
[2252.6s] ep 04 loss 3.498 nl 0.531 skip 0 | holdout 0.3957 exact 0.2738 | 747s
[2252.6s] time guard -- stopping training at epoch 5
[2253.8s] best holdout 0.3981
[2257.4s] holdout before offset search 0.3751 (exact 0.2500)
[2258.3s] holdout after offset search 0.3992 (exact 0.2470) offsets [-0.6, -0.7, 0.3, 1.6]
[2258.4s] holdout by corruption family: A=0.199/exact 0.133 (n=98)  B=0.396/exact 0.281 (n=64)  C=0.590/exact 0.434 (n=76)  D=0.454/exact 0.194 (n=98)
[2258.4s] within-family top-1 accuracy (family given): A=0.184 (n=98)  B=0.719 (n=64)  C=0.605 (n=76)  D=0.255 (n=98)
[2314.4s] model produced predictions for 841/841 test rows
[2314.5s] submission rows=841 cols=['id', 'repair_sequence'] complete=True
[2314.5s] done
