[   0.2s] device mps (bf16 training=False) | train (3359, 3) test (841, 2) | cases 3359/841
[   0.3s] placeholder submission written -> ./working/submission.csv
[   0.5s] usable train pages 3359/3359 {'A': 884, 'C': 835, 'B': 784, 'D': 856}
[   5.7s] using pretrained backbone distilbert-base-multilingual-cased dim 768
[   7.2s] tokenised; longest packed page = 352 tokens
[   7.2s] fit 3023 / holdout 336
[ 415.9s] ep 00 loss 10.063 nl 1.606 skip 0 | holdout 0.3032 exact 0.1220 | 408s
[ 798.7s] ep 01 loss 7.866 nl 0.924 skip 0 | holdout 0.3649 exact 0.1935 | 383s
[1216.5s] ep 02 loss 6.552 nl 0.725 skip 0 | holdout 0.4053 exact 0.2738 | 418s
[1777.3s] ep 03 loss 5.396 nl 0.624 skip 0 | holdout 0.4162 exact 0.2857 | 561s
[2510.6s] ep 04 loss 3.828 nl 0.551 skip 0 | holdout 0.3971 exact 0.2738 | 733s
[2510.6s] time guard -- stopping training at epoch 5
[2511.8s] best holdout 0.4162
[2515.3s] holdout before offset search 0.4040 (exact 0.2768)
[2516.2s] holdout after offset search 0.4209 (exact 0.2917) offsets [-1.8, -1.5, 1.0, 0.3]
[2516.2s] holdout by corruption family: A=0.126/exact 0.071 (n=98)  B=0.609/exact 0.547 (n=64)  C=0.633/exact 0.539 (n=76)  D=0.428/exact 0.153 (n=98)
[2516.2s] within-family top-1 accuracy (family given): A=0.143 (n=98)  B=0.734 (n=64)  C=0.618 (n=76)  D=0.296 (n=98)
[2566.7s] model produced predictions for 841/841 test rows
[2566.8s] submission rows=841 cols=['id', 'repair_sequence'] complete=True
[2566.8s] done
