Building full frame...
  candidates: 12099 time 0.7s
  fold 0 done  (3.6s)
  fold 1 done  (664.3s)
  fold 2 done  (671.4s)
  fold 3 done  (687.0s)
  fold 4 done  (703.9s)
   iter 0 score 0.3645 th={'chem_disease': np.float64(0.15), 'gene_disease': np.float64(0.31), 'cg_activity': np.float64(0.19), 'cg_expression': np.float64(0.21), 'cg_other': np.float64(0.59)}
   iter 1 score 0.3656 th={'chem_disease': np.float64(0.21), 'gene_disease': np.float64(0.31), 'cg_activity': np.float64(0.19), 'cg_expression': np.float64(0.21), 'cg_other': np.float64(0.59)}
   iter 2 score 0.3656 th={'chem_disease': np.float64(0.21), 'gene_disease': np.float64(0.31), 'cg_activity': np.float64(0.19), 'cg_expression': np.float64(0.21), 'cg_other': np.float64(0.59)}
   emit_argmax None  -> 0.3656
   emit_argmax 0.4   -> 0.3630
   emit_argmax 0.5   -> 0.3681
   emit_argmax 0.55  -> 0.3701
   emit_argmax 0.6   -> 0.3678
   emit_argmax 0.65  -> 0.3682
   emit_argmax 0.7   -> 0.3687
   emit_argmax 0.75  -> 0.3671
   emit_argmax 0.8   -> 0.3672
=== OOF FINAL (gate_alpha=0.0 gate_min=0.00 emit_argmax=True@0.55) ===
  exact_edge_f1              0.3499
  document_macro_f1          0.3461
  endpoint_pair_f1           0.5522
  relation_family_macro_f1   0.3228
  worst_patch_density_f1     0.2963
  score                      0.3701
  fam_scores: {'chem_disease': 0.462, 'gene_disease': 0.465, 'cg_activity': 0.249, 'cg_expression': 0.312, 'cg_other': 0.126}
  bucket_means: {'none': 0.296, 'small': 0.322, 'medium': 0.363, 'dense': 0.357}
  thresholds: {'chem_disease': np.float64(0.21), 'gene_disease': np.float64(0.31), 'cg_activity': np.float64(0.19), 'cg_expression': np.float64(0.21), 'cg_other': np.float64(0.59)}
