building features...
X (345408, 63)
/Users/ofm/Library/Python/3.9/lib/python/site-packages/sklearn/utils/validation.py:2739: UserWarning: X does not have valid feature names, but LGBMClassifier was fitted with feature names
  warnings.warn(
fold 0 best_iter 124 val_auc 0.6679
/Users/ofm/Library/Python/3.9/lib/python/site-packages/sklearn/utils/validation.py:2739: UserWarning: X does not have valid feature names, but LGBMClassifier was fitted with feature names
  warnings.warn(
fold 1 best_iter 461 val_auc 0.7473
/Users/ofm/Library/Python/3.9/lib/python/site-packages/sklearn/utils/validation.py:2739: UserWarning: X does not have valid feature names, but LGBMClassifier was fitted with feature names
  warnings.warn(
fold 2 best_iter 253 val_auc 0.7002
/Users/ofm/Library/Python/3.9/lib/python/site-packages/sklearn/utils/validation.py:2739: UserWarning: X does not have valid feature names, but LGBMClassifier was fitted with feature names
  warnings.warn(
fold 3 best_iter 206 val_auc 0.6742
/Users/ofm/Library/Python/3.9/lib/python/site-packages/sklearn/utils/validation.py:2739: UserWarning: X does not have valid feature names, but LGBMClassifier was fitted with feature names
  warnings.warn(
fold 4 best_iter 186 val_auc 0.6870
OOF AUC: 0.6973126594145307
pos              59470.318652
target_locale    59121.830377
jd_sum           47532.153947
gA1              35898.607232
jd_m1            33581.373344
anchor_locale    17814.872605
jd_j             17499.132176
gA2              15091.705172
edit_mean        13805.441677
A_j              13553.317122
dAT_mean         12377.549131
dST_mean         11723.811575
z_pATb           10946.063491
n_edit           10298.151467
edit_max          9082.904895
z_combo           7527.792637
z_pushAT_g        7217.088709
jd_p1             7191.654234
dST               6379.823984
combo             6216.286190
pushAT_g          6016.814666
rank_gA1          5706.215037
edit_min          4754.956683
pST_g             4628.536826
rank_pST_g        4460.103865
dtype: float64
