building features...
/Users/ofm/Desktop/my_repostation/project-eris-shipd-my-solutions/Cross-Locale Repair-Window Propagation/common.py:69: RuntimeWarning: divide by zero encountered in matmul
  simAT = AD @ TD.T            # anchor draft vs target draft
/Users/ofm/Desktop/my_repostation/project-eris-shipd-my-solutions/Cross-Locale Repair-Window Propagation/common.py:69: RuntimeWarning: overflow encountered in matmul
  simAT = AD @ TD.T            # anchor draft vs target draft
/Users/ofm/Desktop/my_repostation/project-eris-shipd-my-solutions/Cross-Locale Repair-Window Propagation/common.py:69: RuntimeWarning: invalid value encountered in matmul
  simAT = AD @ TD.T            # anchor draft vs target draft
/Users/ofm/Desktop/my_repostation/project-eris-shipd-my-solutions/Cross-Locale Repair-Window Propagation/common.py:70: RuntimeWarning: divide by zero encountered in matmul
  simST = S @ TD.T             # source vs target draft
/Users/ofm/Desktop/my_repostation/project-eris-shipd-my-solutions/Cross-Locale Repair-Window Propagation/common.py:70: RuntimeWarning: overflow encountered in matmul
  simST = S @ TD.T             # source vs target draft
/Users/ofm/Desktop/my_repostation/project-eris-shipd-my-solutions/Cross-Locale Repair-Window Propagation/common.py:70: RuntimeWarning: invalid value encountered in matmul
  simST = S @ TD.T             # source vs target draft
/Users/ofm/Desktop/my_repostation/project-eris-shipd-my-solutions/Cross-Locale Repair-Window Propagation/common.py:71: RuntimeWarning: divide by zero encountered in matmul
  simSA = S @ AD.T             # source vs anchor draft
/Users/ofm/Desktop/my_repostation/project-eris-shipd-my-solutions/Cross-Locale Repair-Window Propagation/common.py:71: RuntimeWarning: overflow encountered in matmul
  simSA = S @ AD.T             # source vs anchor draft
/Users/ofm/Desktop/my_repostation/project-eris-shipd-my-solutions/Cross-Locale Repair-Window Propagation/common.py:71: RuntimeWarning: invalid value encountered in matmul
  simSA = S @ AD.T             # source vs anchor draft
/Users/ofm/Desktop/my_repostation/project-eris-shipd-my-solutions/Cross-Locale Repair-Window Propagation/common.py:72: RuntimeWarning: divide by zero encountered in matmul
  simRT = AR @ TD.T            # anchor repaired vs target draft
/Users/ofm/Desktop/my_repostation/project-eris-shipd-my-solutions/Cross-Locale Repair-Window Propagation/common.py:72: RuntimeWarning: overflow encountered in matmul
  simRT = AR @ TD.T            # anchor repaired vs target draft
/Users/ofm/Desktop/my_repostation/project-eris-shipd-my-solutions/Cross-Locale Repair-Window Propagation/common.py:72: RuntimeWarning: invalid value encountered in matmul
  simRT = AR @ TD.T            # anchor repaired vs target draft
/Users/ofm/Desktop/my_repostation/project-eris-shipd-my-solutions/Cross-Locale Repair-Window Propagation/common.py:138: RuntimeWarning: divide by zero encountered in matmul
  ov_removed = TD @ removed
/Users/ofm/Desktop/my_repostation/project-eris-shipd-my-solutions/Cross-Locale Repair-Window Propagation/common.py:138: RuntimeWarning: overflow encountered in matmul
  ov_removed = TD @ removed
/Users/ofm/Desktop/my_repostation/project-eris-shipd-my-solutions/Cross-Locale Repair-Window Propagation/common.py:138: RuntimeWarning: invalid value encountered in matmul
  ov_removed = TD @ removed
/Users/ofm/Desktop/my_repostation/project-eris-shipd-my-solutions/Cross-Locale Repair-Window Propagation/common.py:139: RuntimeWarning: divide by zero encountered in matmul
  ov_added = TD @ added
/Users/ofm/Desktop/my_repostation/project-eris-shipd-my-solutions/Cross-Locale Repair-Window Propagation/common.py:139: RuntimeWarning: overflow encountered in matmul
  ov_added = TD @ added
/Users/ofm/Desktop/my_repostation/project-eris-shipd-my-solutions/Cross-Locale Repair-Window Propagation/common.py:139: RuntimeWarning: invalid value encountered in matmul
  ov_added = TD @ added
/Users/ofm/Desktop/my_repostation/project-eris-shipd-my-solutions/Cross-Locale Repair-Window Propagation/common.py:140: RuntimeWarning: divide by zero encountered in matmul
  ov_editdraft = TD @ editdraft
/Users/ofm/Desktop/my_repostation/project-eris-shipd-my-solutions/Cross-Locale Repair-Window Propagation/common.py:140: RuntimeWarning: overflow encountered in matmul
  ov_editdraft = TD @ editdraft
/Users/ofm/Desktop/my_repostation/project-eris-shipd-my-solutions/Cross-Locale Repair-Window Propagation/common.py:140: RuntimeWarning: invalid value encountered in matmul
  ov_editdraft = TD @ editdraft
/Users/ofm/Desktop/my_repostation/project-eris-shipd-my-solutions/Cross-Locale Repair-Window Propagation/common.py:144: RuntimeWarning: divide by zero encountered in matmul
  ov_srcedit = TD @ src_edit
/Users/ofm/Desktop/my_repostation/project-eris-shipd-my-solutions/Cross-Locale Repair-Window Propagation/common.py:144: RuntimeWarning: overflow encountered in matmul
  ov_srcedit = TD @ src_edit
/Users/ofm/Desktop/my_repostation/project-eris-shipd-my-solutions/Cross-Locale Repair-Window Propagation/common.py:144: RuntimeWarning: invalid value encountered in matmul
  ov_srcedit = TD @ src_edit
/Users/ofm/Library/Python/3.9/lib/python/site-packages/sklearn/utils/validation.py:2739: UserWarning: X does not have valid feature names, but LGBMClassifier was fitted with feature names
  warnings.warn(
X (345408, 48)
baseline copy-anchor: 0.3655
baseline all-ones: 0.2998
baseline window0 only: 0.2905
fold 0 best_iter 167
/Users/ofm/Library/Python/3.9/lib/python/site-packages/sklearn/utils/validation.py:2739: UserWarning: X does not have valid feature names, but LGBMClassifier was fitted with feature names
  warnings.warn(
fold 1 best_iter 557
/Users/ofm/Library/Python/3.9/lib/python/site-packages/sklearn/utils/validation.py:2739: UserWarning: X does not have valid feature names, but LGBMClassifier was fitted with feature names
  warnings.warn(
fold 2 best_iter 275
/Users/ofm/Library/Python/3.9/lib/python/site-packages/sklearn/utils/validation.py:2739: UserWarning: X does not have valid feature names, but LGBMClassifier was fitted with feature names
  warnings.warn(
fold 3 best_iter 211
/Users/ofm/Library/Python/3.9/lib/python/site-packages/sklearn/utils/validation.py:2739: UserWarning: X does not have valid feature names, but LGBMClassifier was fitted with feature names
  warnings.warn(
fold 4 best_iter 170
window-level AUC: 0.6985660313627555
decode k=anchor_cnt: 0.3906
decode k=round(sum p): 0.4267
decode k=thresh0.5: 0.3119
decode MC-expected: 0.4408
de-DE     0.433714
es-419    0.414135
fr-FR     0.446263
it-IT     0.388264
ja-JP     0.527066
pt-BR     0.382056
ru-RU     0.494413
dtype: float64
