fold 0
/Users/ofm/Library/Python/3.9/lib/python/site-packages/torch/nn/modules/transformer.py:392: UserWarning: enable_nested_tensor is True, but self.use_nested_tensor is False because encoder_layer.norm_first was True
  warnings.warn(
/Users/ofm/Desktop/my_repostation/project-eris-shipd-my-solutions/Cross-Locale Repair-Window Propagation/nn_model.py:104: UserWarning: Converting a tensor with requires_grad=True to a scalar may lead to unexpected behavior.
Consider using tensor.detach() first. (Triggered internally at /Users/runner/work/pytorch/pytorch/pytorch/torch/csrc/autograd/generated/python_variable_methods.cpp:836.)
  tot += float(loss) * len(b)
  ep0 loss 1.1974 val_auc 0.6259
  ep1 loss 1.0502 val_auc 0.6539
  ep2 loss 1.0271 val_auc 0.6572
  ep3 loss 1.0163 val_auc 0.6641
  ep4 loss 1.0079 val_auc 0.6586
  ep5 loss 1.0002 val_auc 0.6679
  ep6 loss 0.9924 val_auc 0.6681
  ep7 loss 0.9840 val_auc 0.6708
  ep8 loss 0.9752 val_auc 0.6684
  ep9 loss 0.9656 val_auc 0.6698
  ep10 loss 0.9539 val_auc 0.6692
fold 1
/Users/ofm/Library/Python/3.9/lib/python/site-packages/torch/nn/modules/transformer.py:392: UserWarning: enable_nested_tensor is True, but self.use_nested_tensor is False because encoder_layer.norm_first was True
  warnings.warn(
  ep0 loss 1.2314 val_auc 0.6980
  ep1 loss 1.1032 val_auc 0.7261
  ep2 loss 1.0797 val_auc 0.7386
  ep3 loss 1.0723 val_auc 0.7449
  ep4 loss 1.0629 val_auc 0.7491
  ep5 loss 1.0556 val_auc 0.7487
  ep6 loss 1.0495 val_auc 0.7477
  ep7 loss 1.0394 val_auc 0.7530
  ep8 loss 1.0319 val_auc 0.7537
  ep9 loss 1.0205 val_auc 0.7501
  ep10 loss 1.0094 val_auc 0.7521
  ep11 loss 0.9998 val_auc 0.7542
  ep12 loss 0.9931 val_auc 0.7530
  ep13 loss 0.9893 val_auc 0.7531
fold 2
/Users/ofm/Library/Python/3.9/lib/python/site-packages/torch/nn/modules/transformer.py:392: UserWarning: enable_nested_tensor is True, but self.use_nested_tensor is False because encoder_layer.norm_first was True
  warnings.warn(
  ep0 loss 1.1267 val_auc 0.6673
  ep1 loss 1.0215 val_auc 0.6814
  ep2 loss 0.9995 val_auc 0.6895
  ep3 loss 0.9902 val_auc 0.6933
  ep4 loss 0.9803 val_auc 0.6976
  ep5 loss 0.9743 val_auc 0.7006
  ep6 loss 0.9658 val_auc 0.7030
  ep7 loss 0.9591 val_auc 0.6995
  ep8 loss 0.9501 val_auc 0.7015
  ep9 loss 0.9421 val_auc 0.6998
fold 3
/Users/ofm/Library/Python/3.9/lib/python/site-packages/torch/nn/modules/transformer.py:392: UserWarning: enable_nested_tensor is True, but self.use_nested_tensor is False because encoder_layer.norm_first was True
  warnings.warn(
  ep0 loss 1.1989 val_auc 0.6248
  ep1 loss 1.0612 val_auc 0.6563
  ep2 loss 1.0361 val_auc 0.6651
  ep3 loss 1.0275 val_auc 0.6641
  ep4 loss 1.0177 val_auc 0.6705
  ep5 loss 1.0101 val_auc 0.6687
  ep6 loss 1.0029 val_auc 0.6636
  ep7 loss 0.9951 val_auc 0.6657
fold 4
/Users/ofm/Library/Python/3.9/lib/python/site-packages/torch/nn/modules/transformer.py:392: UserWarning: enable_nested_tensor is True, but self.use_nested_tensor is False because encoder_layer.norm_first was True
  warnings.warn(
  ep0 loss 1.2084 val_auc 0.6380
  ep1 loss 1.0592 val_auc 0.6711
  ep2 loss 1.0354 val_auc 0.6768
  ep3 loss 1.0259 val_auc 0.6821
  ep4 loss 1.0168 val_auc 0.6823
  ep5 loss 1.0091 val_auc 0.6838
  ep6 loss 1.0005 val_auc 0.6841
  ep7 loss 0.9944 val_auc 0.6843
  ep8 loss 0.9841 val_auc 0.6855
  ep9 loss 0.9755 val_auc 0.6854
  ep10 loss 0.9644 val_auc 0.6828
  ep11 loss 0.9565 val_auc 0.6830
NN OOF AUC: 0.6998353309189778
